ERC report (2026-08-18T23:39:59, Encoding UTF8)
Report includes: Errors, Warnings, Exclusions

***** Sheet /
[pin_not_connected]: Pin not connected
    ; error
    @(1750 mils, 5100 mils): Symbol SW9 Pin 2 [2, Passive, Line]
[pin_not_connected]: Pin not connected
    ; error
    @(1750 mils, 5800 mils): Symbol SW12 Pin 2 [2, Passive, Line]
[pin_not_connected]: Pin not connected
    ; error
    @(1750 mils, 6450 mils): Symbol SW16 Pin 2 [2, Passive, Line]
[pin_not_connected]: Pin not connected
    ; error
    @(2850 mils, 5100 mils): Symbol SW10 Pin 2 [2, Passive, Line]
[pin_not_connected]: Pin not connected
    ; error
    @(2850 mils, 5800 mils): Symbol SW13 Pin 2 [2, Passive, Line]
[pin_not_connected]: Pin not connected
    ; error
    @(2850 mils, 6450 mils): Symbol SW17 Pin 2 [2, Passive, Line]
[pin_not_connected]: Pin not connected
    ; error
    @(2850 mils, 7200 mils): Symbol SW19 Pin 2 [2, Passive, Line]
[pin_not_connected]: Pin not connected
    ; error
    @(3100 mils, 1750 mils): Symbol U1 Pin 5 [PA8_A4_D4_SDA, Passive, Line]
[pin_not_connected]: Pin not connected
    ; error
    @(3100 mils, 1850 mils): Symbol U1 Pin 6 [PA9_A5_D5_SCL, Passive, Line]
[pin_not_connected]: Pin not connected
    ; error
    @(3100 mils, 1950 mils): Symbol U1 Pin 7 [PB08_A6_D6_TX, Passive, Line]
[pin_not_connected]: Pin not connected
    ; error
    @(4000 mils, 5100 mils): Symbol SW11 Pin 2 [2, Passive, Line]
[pin_not_connected]: Pin not connected
    ; error
    @(4000 mils, 5800 mils): Symbol SW14 Pin 2 [2, Passive, Line]
[pin_not_connected]: Pin not connected
    ; error
    @(4000 mils, 6450 mils): Symbol SW18 Pin 2 [2, Passive, Line]
[pin_not_connected]: Pin not connected
    ; error
    @(4000 mils, 7200 mils): Symbol SW20 Pin 2 [2, Passive, Line]
[pin_not_connected]: Pin not connected
    ; error
    @(4700 mils, 1550 mils): Symbol U1 Pin 12 [3V3, Passive, Line]
[pin_not_connected]: Pin not connected
    ; error
    @(4700 mils, 1650 mils): Symbol U1 Pin 11 [PA6_A10_D10_MOSI, Passive, Line]
[pin_not_connected]: Pin not connected
    ; error
    @(4700 mils, 1750 mils): Symbol U1 Pin 10 [PA5_A9_D9_MISO, Passive, Line]
[pin_not_connected]: Pin not connected
    ; error
    @(4700 mils, 1850 mils): Symbol U1 Pin 9 [PA7_A8_D8_SCK, Passive, Line]
[pin_not_connected]: Pin not connected
    ; error
    @(4700 mils, 1950 mils): Symbol U1 Pin 8 [PB09_A7_D7_RX, Passive, Line]
[pin_not_connected]: Pin not connected
    ; error
    @(5150 mils, 5800 mils): Symbol SW15 Pin 2 [2, Passive, Line]
[pin_not_connected]: Pin not connected
    ; error
    @(5150 mils, 7200 mils): Symbol SW21 Pin 2 [2, Passive, Line]

 ** ERC messages: 21  Errors 21  Warnings 0

 ** Ignored checks:
    - Global label only appears once in the schematic
    - Four connection points are joined together
    - SPICE model issue
    - Assigned footprint doesn't match footprint filters
